14:59:51 开始下载: https://fanqienovel.com/page/7123456789999999999
14:59:51 [OK] exe已启动
14:59:53 [OK] 窗口位置: (580, 200) 1400x1000
14:59:54 [OK] 点击搜索框: (780, 270)
14:59:55 [OK] 输入搜索: 7123456789999999999
14:59:55 [OK] 按回车搜索
14:59:58 [OK] 点击搜索结果: (780, 400)
15:00:01 [OK] 点击下载按钮: (1830, 350)
15:00:03 [OK] 已发送下载请求
15:05:03 [ERROR] 下载超时
15:17:32 开始下载: https://changdunovel.com/ug/pages/book-share?share_type=11&aid=1967&book_id=7617148087118597144&encrypt_did=MDEEDKy3AJCIImmoOTppTQQPmtZH7WaTyZJFK0OfHzOPBBC7aLccyvG91hZJnMRrhAwc&share_genre=read&user_id=6c8ffe6c4f2e2a6e401f229459a2c7ec&did=0b39c173904dbc72be31403b4d8ca003&entrance=book_reading_share_button&zlink=https%3A%2F%2Fzlink.fqnovel.com%2FdhVGe&gd_label=click_schema_lhft_share_novelapp_android&ver=v2&source_channel=wechat&share_channel=wechat&type=book&share_timestamp=1785399153&report_params=%7B%22entrance%22%3A%22book_reading_share_button%22%2C%22type%22%3A%22book_reading%22%2C%22content_type%22%3A%22novel%22%2C%22content_id%22%3A%227617404017991238169%22%2C%22content_id_key%22%3A%22chapter_id%22%2C%22share_timestamp%22%3A%221785399153%22%7D&share_token=83b3647c-bc22-4ce3-8c94-8b46412977b7
15:17:32 [OK] exe已启动
15:17:34 [OK] 窗口位置: (580, 200) 1400x1000
15:17:35 [OK] 点击搜索框: (780, 270)
15:17:36 [OK] 输入搜索: 7617148087118597144
15:17:37 [OK] 按回车搜索
15:17:40 [OK] 点击搜索结果: (780, 400)
15:17:42 [OK] 点击下载按钮: (1830, 350)
15:17:44 [OK] 已发送下载请求
15:22:44 [ERROR] 下载超时
